[external.html]
[backblue.gif]
[fade.gif]
[index.html]
[ps2dev.github.io/ps2sdk/dynsections.js]
[ps2dev.github.io/ps2sdk/menudata.js]
[ps2dev.github.io/ps2sdk/search.php]
[ps2dev.github.io/ps2sdk/annotated.html]
[ps2dev.github.io/ps2sdk/files.html]
[ps2dev.github.io/ps2sdk/modules.html]
[ps2dev.github.io/ps2sdk/pages.html]
[ps2dev.github.io/ps2sdk/index.html]
[ps2dev.github.io/ps2sdk/search.html]
[ps2dev.github.io/ps2sdk/ps2ipc_8c.html]
[ps2dev.github.io/ps2sdk/struct_8fields.html]
[ps2dev.github.io/ps2sdk/struct_8login.html]
[ps2dev.github.io/ps2sdk/libpad_8c.html]
[ps2dev.github.io/ps2sdk/libmouse_8c.html]
[ps2dev.github.io/ps2sdk/union_8smb.html]
[ps2dev.github.io/ps2sdk/struct____attribute____.html]
[ps2dev.github.io/ps2sdk/union____attribute_____8____unnamed126____.html]
[ps2dev.github.io/ps2sdk/draw__types_8h.html]
[ps2dev.github.io/ps2sdk/struct__ata__cmd__info.html]
[ps2dev.github.io/ps2sdk/struct__ata__cmd__state.html]
[ps2dev.github.io/ps2sdk/ps2atad_8c.html]
[ps2dev.github.io/ps2sdk/union__ata__cmd__state_8____unnamed89____.html]
[ps2dev.github.io/ps2sdk/atad_8h.html]
[ps2dev.github.io/ps2sdk/atahw_8h.html]
[ps2dev.github.io/ps2sdk/usbhdfsd_8h.html]
[ps2dev.github.io/ps2sdk/struct__cbw__packet.html]
[ps2dev.github.io/ps2sdk/ncmd_8c.html]
[ps2dev.github.io/ps2sdk/struct__csw__packet.html]
[ps2dev.github.io/ps2sdk/dev9regs_8h.html]
[ps2dev.github.io/ps2sdk/devfs_8c.html]
[ps2dev.github.io/ps2sdk/usbdpriv_8h.html]
[ps2dev.github.io/ps2sdk/excepman_8h.html]
[ps2dev.github.io/ps2sdk/struct__fat32__raw__bpb.html]
[ps2dev.github.io/ps2sdk/struct__fat__dir.html]
[ps2dev.github.io/ps2sdk/struct__fat__dir__chain__record.html]
[ps2dev.github.io/ps2sdk/struct__fat__dir__list.html]
[ps2dev.github.io/ps2sdk/union__fat__direntry.html]
[ps2dev.github.io/ps2sdk/struct__fat__direntry__lfn.html]
[ps2dev.github.io/ps2sdk/struct__fat__direntry__sfn.html]
[ps2dev.github.io/ps2sdk/struct__fat__direntry__summary.html]
[ps2dev.github.io/ps2sdk/struct__fat__raw__bpb.html]
[ps2dev.github.io/ps2sdk/loadcore_8h.html]
[ps2dev.github.io/ps2sdk/fileio_8c.html]
[ps2dev.github.io/ps2sdk/struct__fs__dir.html]
[ps2dev.github.io/ps2sdk/struct__fs__rec.html]
[ps2dev.github.io/ps2sdk/libgs_8h.html]
[ps2dev.github.io/ps2sdk/alloc_8c.html]
[ps2dev.github.io/ps2sdk/struct__inquiry__data.html]
[ps2dev.github.io/ps2sdk/ioman_x_8h.html]
[ps2dev.github.io/ps2sdk/struct__iop__device__ops.html]
[ps2dev.github.io/ps2sdk/struct__iop__device__ops__short.html]
[ps2dev.github.io/ps2sdk/dmacman_8h.html]
[ps2dev.github.io/ps2sdk/thpool_8h.html]
[ps2dev.github.io/ps2sdk/ioman__mod_8h.html]
[ps2dev.github.io/ps2sdk/struct__iop__io__device__ops.html]
[ps2dev.github.io/ps2sdk/thmsgbx_8h.html]
[ps2dev.github.io/ps2sdk/ee_2kernel_2include_2sifcmd_8h.html]
[ps2dev.github.io/ps2sdk/thbase_8h.html]
[ps2dev.github.io/ps2sdk/struct__iop__thread.html]
[ps2dev.github.io/ps2sdk/ps2kbd_8c.html]
[ps2dev.github.io/ps2sdk/iop_2usb_2keyboard_2include_2ps2kbd_8h.html]
[ps2dev.github.io/ps2sdk/loadfile_8c.html]
[ps2dev.github.io/ps2sdk/list_8h.html]
[ps2dev.github.io/ps2sdk/struct__mass__dev.html]
[ps2dev.github.io/ps2sdk/struct___m_c_cache_dir.html]
[ps2dev.github.io/ps2sdk/libmc-common_8h.html]
[ps2dev.github.io/ps2sdk/struct___mc_fat_cluster.html]
[ps2dev.github.io/ps2sdk/iop_2usb_2mouse_2include_2ps2mouse_8h.html]
[ps2dev.github.io/ps2sdk/ps2mouse_8c.html]
[ps2dev.github.io/ps2sdk/libmpeg__internal_8h.html]
[ps2dev.github.io/ps2sdk/struct___m_p_e_g_motion.html]
[ps2dev.github.io/ps2sdk/struct___m_p_e_g_motions.html]
[ps2dev.github.io/ps2sdk/struct__part__raw__record.html]
[ps2dev.github.io/ps2sdk/struct__part__record.html]
[ps2dev.github.io/ps2sdk/struct__part__table.html]
[ps2dev.github.io/ps2sdk/struct__read__capacity__data.html]
[ps2dev.github.io/ps2sdk/struct__return_cache.html]
[ps2dev.github.io/ps2sdk/mcman_8h.html]
[ps2dev.github.io/ps2sdk/struct__sense__data.html]
[ps2dev.github.io/ps2sdk/sio2man_8h.html]
[ps2dev.github.io/ps2sdk/slib_8h.html]
[ps2dev.github.io/ps2sdk/smapregs_8h.html]
[ps2dev.github.io/ps2sdk/smod_8h.html]
[ps2dev.github.io/ps2sdk/struct__usb__callback__data.html]
[ps2dev.github.io/ps2sdk/struct__usb__transfer__callback__data.html]
[ps2dev.github.io/ps2sdk/struct___usb_driver.html]
[ps2dev.github.io/ps2sdk/input_8h.html]
[ps2dev.github.io/ps2sdk/tcpip_8h.html]
[ps2dev.github.io/ps2sdk/iop_2sound_2audsrv_2src_2adpcm_8c.html]
[ps2dev.github.io/ps2sdk/struct_adpcm_block.html]
[ps2dev.github.io/ps2sdk/struct_adpcm_header.html]
[ps2dev.github.io/ps2sdk/struct_adpcm_setup.html]
[ps2dev.github.io/ps2sdk/ahx_8h.html]
[ps2dev.github.io/ps2sdk/structalarm.html]
[ps2dev.github.io/ps2sdk/structapa__device__t.html]
[ps2dev.github.io/ps2sdk/structapa__header__t.html]
[ps2dev.github.io/ps2sdk/structapa__header__t_8mbr.html]
[ps2dev.github.io/ps2sdk/structapa__journal__t.html]
[ps2dev.github.io/ps2sdk/structapa__params__t.html]
[ps2dev.github.io/ps2sdk/structapa__ps2time__t.html]
[ps2dev.github.io/ps2sdk/structapa__sub__t.html]
[ps2dev.github.io/ps2sdk/structapa_fs_type.html]
[ps2dev.github.io/ps2sdk/usbd_8c.html]
[ps2dev.github.io/ps2sdk/struct_a_s_c_i_i_date.html]
[ps2dev.github.io/ps2sdk/draw__tests_8h.html]
[ps2dev.github.io/ps2sdk/ee_2rpc_2audsrv_2include_2audsrv_8h.html]
[ps2dev.github.io/ps2sdk/structbdm__mounts.html]
[ps2dev.github.io/ps2sdk/draw__blending_8h.html]
[ps2dev.github.io/ps2sdk/structblock__device.html]
[ps2dev.github.io/ps2sdk/struct_bus_information_block.html]
[ps2dev.github.io/ps2sdk/struct_bus_information_block_header.html]
[ps2dev.github.io/ps2sdk/struct_cache_info_dir.html]
[ps2dev.github.io/ps2sdk/struct_callback_entry.html]
[ps2dev.github.io/ps2sdk/ps2cam_8h.html]
[ps2dev.github.io/ps2sdk/cdrom_8h.html]
[ps2dev.github.io/ps2sdk/libcdvd-rpc_8h.html]
[ps2dev.github.io/ps2sdk/struct_c_d_vol_desc.html]
[ps2dev.github.io/ps2sdk/sjis_8c.html]
[ps2dev.github.io/ps2sdk/draw__buffers_8h.html]
[ps2dev.github.io/ps2sdk/sifcmd_8c.html]
[ps2dev.github.io/ps2sdk/ps2ip__rpc_8h.html]
[ps2dev.github.io/ps2sdk/struct_command_descriptor_block.html]
[ps2dev.github.io/ps2sdk/osd__config_8h.html]
[ps2dev.github.io/ps2sdk/osd__config_8c.html]
[ps2dev.github.io/ps2sdk/erl_8c.html]
[ps2dev.github.io/ps2sdk/devscan_8h.html]
[ps2dev.github.io/ps2sdk/struct_devctl_cmd_tbl__t.html]
[ps2dev.github.io/ps2sdk/devfs_8h.html]
[ps2dev.github.io/ps2sdk/struct_directory_header.html]
[ps2dev.github.io/ps2sdk/struct_dir_toc_entry.html]
[ps2dev.github.io/ps2sdk/struct_d_m_a___c_h_c_r.html]
[ps2dev.github.io/ps2sdk/structdma__command.html]
[ps2dev.github.io/ps2sdk/structdma__tag__t.html]
[ps2dev.github.io/ps2sdk/struct_d_m_a_channel_reg_block.html]
[ps2dev.github.io/ps2sdk/struct_d_m_a_r_reg_block.html]
[ps2dev.github.io/ps2sdk/freepad_8h.html]
[ps2dev.github.io/ps2sdk/structelf__pheader__t.html]
[ps2dev.github.io/ps2sdk/structelf__section__t.html]
[ps2dev.github.io/ps2sdk/structelf__str.html]
[ps2dev.github.io/ps2sdk/structelf__symbol__t.html]
[ps2dev.github.io/ps2sdk/upsamplers_8c.html]
[ps2dev.github.io/ps2sdk/erl_8h.html]
[ps2dev.github.io/ps2sdk/ioptrap_8h.html]
[ps2dev.github.io/ps2sdk/structexport__list__t.html]
[ps2dev.github.io/ps2sdk/ps2__fio_8c.html]
[ps2dev.github.io/ps2sdk/structfdtable.html]
[ps2dev.github.io/ps2sdk/struct_f_h_a_n_d_l_e.html]
[ps2dev.github.io/ps2sdk/structfile__system.html]
[ps2dev.github.io/ps2sdk/file_xio_8h.html]
[ps2dev.github.io/ps2sdk/fls_8h.html]
[ps2dev.github.io/ps2sdk/structfodtable.html]
[ps2dev.github.io/ps2sdk/structfontx__hdr.html]
[ps2dev.github.io/ps2sdk/structfontx__hdr_8block.html]
[ps2dev.github.io/ps2sdk/font_8h.html]
[ps2dev.github.io/ps2sdk/structfs__dirent.html]
[ps2dev.github.io/ps2sdk/gif__registers_8h.html]
[ps2dev.github.io/ps2sdk/graph_8h.html]
